﻿
> frontend@0.0.0 build
> vite build

[36mvite v8.0.10 [32mbuilding client environment for production...[36m[39m
[2K
transforming...Γ£ô 2388 modules transformed.
node.exe : [31mΓ£ù[39m Build failed in 1.03s
At line:1 char:1
+ & "C:\Program Files\nodejs/node.exe" "C:\Program Files\nodejs/node_mo ...
+ ~~~~~~~~~~~~~~~~~~~~~~~~~~~~~~~~~~~~~~~~~~~~~~~~~~~~~~~~~~~~~~~~~~~~~
    + CategoryInfo          : NotSpecified: ([31mΓ£ù[39m Build failed in 1.03s:String) [], RemoteException
    + FullyQualifiedErrorId : NativeCommandError
 
[31merror during build:
[31mBuild failed with 1 error:

[plugin @tailwindcss/vite:generate:build] C:/Users/navoo/OneDrive/Desktop/nestle_newone/frontend/src/index.css
Error: Cannot apply unknown utility class `hover:bg-opacity-90`
    at onInvalidCandidate 
(file:///C:/Users/navoo/OneDrive/Desktop/nestle_newone/frontend/node_modules/tailwindcss/dist/lib.mjs:21:1511)
    at $e 
(file:///C:/Users/navoo/OneDrive/Desktop/nestle_newone/frontend/node_modules/tailwindcss/dist/lib.mjs:16:38783)
    at file:///C:/Users/navoo/OneDrive/Desktop/nestle_newone/frontend/node_modules/tailwindcss/dist/lib.mjs:21:355
    at $r (file:///C:/Users/navoo/OneDrive/Desktop/nestle_newone/frontend/node_modules/tailwindcss/dist/lib.mjs:3:1733)
    at I (file:///C:/Users/navoo/OneDrive/Desktop/nestle_newone/frontend/node_modules/tailwindcss/dist/lib.mjs:3:1377)
    at Ce (file:///C:/Users/navoo/OneDrive/Desktop/nestle_newone/frontend/node_modules/tailwindcss/dist/lib.mjs:21:172)
    at Hi (file:///C:/Users/navoo/OneDrive/Desktop/nestle_newone/frontend/node_modules/tailwindcss/dist/lib.mjs:38:294)
    at async ma 
(file:///C:/Users/navoo/OneDrive/Desktop/nestle_newone/frontend/node_modules/tailwindcss/dist/lib.mjs:38:631)
    at async wf 
(file:///C:/Users/navoo/OneDrive/Desktop/nestle_newone/frontend/node_modules/tailwindcss/dist/lib.mjs:38:1406)
    at async su (file:///C:/Users/navoo/OneDrive/Desktop/nestle_newone/frontend/node_modules/@tailwindcss/node/dist/ind
ex.mjs:10:3457)[31m
    at aggregateBindingErrorsIntoJsError (file:///C:/Users/navoo/OneDrive/Desktop/nestle_newone/frontend/node_modules/r
olldown/dist/shared/error-DL-e8-oE.mjs:48:18)
    at unwrapBindingResult (file:///C:/Users/navoo/OneDrive/Desktop/nestle_newone/frontend/node_modules/rolldown/dist/s
hared/error-DL-e8-oE.mjs:18:128)
    at #build (file:///C:/Users/navoo/OneDrive/Desktop/nestle_newone/frontend/node_modules/rolldown/dist/shared/rolldow
n-build-DSxL8qiP.mjs:3317:34)
    at async buildEnvironment 
(file:///C:/Users/navoo/OneDrive/Desktop/nestle_newone/frontend/node_modules/vite/dist/node/chunks/node.js:33018:64)
    at async Object.build 
(file:///C:/Users/navoo/OneDrive/Desktop/nestle_newone/frontend/node_modules/vite/dist/node/chunks/node.js:33440:19)
    at async Object.buildApp 
(file:///C:/Users/navoo/OneDrive/Desktop/nestle_newone/frontend/node_modules/vite/dist/node/chunks/node.js:33437:153)
    at async CAC.<anonymous> 
(file:///C:/Users/navoo/OneDrive/Desktop/nestle_newone/frontend/node_modules/vite/dist/node/cli.js:778:3) {
  errors: [Getter/Setter]
}[39m
